// Vitest Snapshot v1, https://vitest.dev/guide/snapshot.html

exports[`Content > renders correctly and matches snapshot 1`] = `
<div>
  <div
    class="px-6"
  >
    <div
      class="relative"
    >
      <textarea
        class="textarea min-h-80 w-full resize-none bg-gray-900 p-10 text-xl outline-none disabled:bg-gray-900 disabled:text-gray-300 sm:min-h-[500px]"
        data-testid="entry-content-field"
        disabled=""
        placeholder="Please write your thoughts here..."
        required=""
      />
    </div>
  </div>
</div>
`;
