// Vitest Snapshot v1, https://vitest.dev/guide/snapshot.html

exports[`NewEntryCard > renders correctly and matches snapshot 1`] = `
<div>
  <div
    class="card h-[128px] cursor-pointer bg-yellow-200 text-primary-content"
  >
    <div
      class="card-body"
    >
      <span
        class="min-h-20 text-2xl font-bold text-gray-900"
        data-testid="new-entry-button"
      >
        Write a new memo
      </span>
    </div>
  </div>
</div>
`;
