// Vitest Snapshot v1, https://vitest.dev/guide/snapshot.html

exports[`Question > renders correctly and matches snapshot 1`] = `
<div>
  <div
    class="my-12"
  >
    <form
      data-testid="promptInput-wrapper"
    >
      <span
        class="mb-4 block font-semibold text-stone-300"
      >
        Request an AI analysis of your notes (15 to 100 characters)
      </span>
      <div
        class="flex"
      >
        <input
          class="mr-2 w-[100%] rounded-md border border-gray-300 bg-slate-700 p-2 text-stone-300 outline-none md:w-[50%] lg:w-[33%]"
          id="analysis-request"
          maxlength="100"
          minlength="15"
          placeholder="e.g. how good was my week in average?"
          type="text"
          value=""
        />
      </div>
    </form>
  </div>
</div>
`;
